When_ADV it_PRON 's_VERB time_NOUN for_ADP their_PRON biannual_ADJ powwow_NOUN ,_. the_DET nation_NOUN s_PRT manufacturing_VERB titans_NOUN typically_ADV jet_VERB off_PRT to_PRT the_DET sunny_ADJ confines_NOUN of_ADP resort_NOUN towns_NOUN like_ADP Boca_NOUN Raton_NOUN and_CONJ Hot_NOUN Springs_NOUN ._.
